03:31:31 **** Build of configuration Debug for project HW11 ****
make -j16 all 
arm-none-eabi-gcc "../Drivers/STM32C0xx_HAL_Driver/Src/stm32c0xx_hal.c" -mcpu=cortex-m0plus -std=gnu11 -g3 -DDEBUG -DUSE_NUCLEO_64 -DUSE_HAL_DRIVER -DSTM32C092xx -c -I../Core/Inc -I../Drivers/STM32C0xx_HAL_Driver/Inc -I../Drivers/STM32C0xx_HAL_Driver/Inc/Legacy -I../Drivers/BSP/STM32C0xx_Nucleo -I../Drivers/CMSIS/Device/ST/STM32C0xx/Include -I../Drivers/CMSIS/Include -O0 -ffunction-sections -fdata-sections -Wall -fstack-usage -fcyclomatic-complexity -MMD -MP -MF"Drivers/STM32C0xx_HAL_Driver/Src/stm32c0xx_hal.d" -MT"Drivers/STM32C0xx_HAL_Driver/Src/stm32c0xx_hal.o" --specs=nano.specs -mfloat-abi=soft -mthumb -o "Drivers/STM32C0xx_HAL_Driver/Src/stm32c0xx_hal.o"
arm-none-eabi-gcc "../Drivers/STM32C0xx_HAL_Driver/Src/stm32c0xx_hal_cortex.c" -mcpu=cortex-m0plus -std=gnu11 -g3 -DDEBUG -DUSE_NUCLEO_64 -DUSE_HAL_DRIVER -DSTM32C092xx -c -I../Core/Inc -I../Drivers/STM32C0xx_HAL_Driver/Inc -I../Drivers/STM32C0xx_HAL_Driver/Inc/Legacy -I../Drivers/BSP/STM32C0xx_Nucleo -I../Drivers/CMSIS/Device/ST/STM32C0xx/Include -I../Drivers/CMSIS/Include -O0 -ffunction-sections -fdata-sections -Wall -fstack-usage -fcyclomatic-complexity -MMD -MP -MF"Drivers/STM32C0xx_HAL_Driver/Src/stm32c0xx_hal_cortex.d" -MT"Drivers/STM32C0xx_HAL_Driver/Src/stm32c0xx_hal_cortex.o" --specs=nano.specs -mfloat-abi=soft -mthumb -o "Drivers/STM32C0xx_HAL_Driver/Src/stm32c0xx_hal_cortex.o"
arm-none-eabi-gcc "../Drivers/STM32C0xx_HAL_Driver/Src/stm32c0xx_hal_dma.c" -mcpu=cortex-m0plus -std=gnu11 -g3 -DDEBUG -DUSE_NUCLEO_64 -DUSE_HAL_DRIVER -DSTM32C092xx -c -I../Core/Inc -I../Drivers/STM32C0xx_HAL_Driver/Inc -I../Drivers/STM32C0xx_HAL_Driver/Inc/Legacy -I../Drivers/BSP/STM32C0xx_Nucleo -I../Drivers/CMSIS/Device/ST/STM32C0xx/Include -I../Drivers/CMSIS/Include -O0 -ffunction-sections -fdata-sections -Wall -fstack-usage -fcyclomatic-complexity -MMD -MP -MF"Drivers/STM32C0xx_HAL_Driver/Src/stm32c0xx_hal_dma.d" -MT"Drivers/STM32C0xx_HAL_Driver/Src/stm32c0xx_hal_dma.o" --specs=nano.specs -mfloat-abi=soft -mthumb -o "Drivers/STM32C0xx_HAL_Driver/Src/stm32c0xx_hal_dma.o"
arm-none-eabi-gcc "../Drivers/STM32C0xx_HAL_Driver/Src/stm32c0xx_hal_dma_ex.c" -mcpu=cortex-m0plus -std=gnu11 -g3 -DDEBUG -DUSE_NUCLEO_64 -DUSE_HAL_DRIVER -DSTM32C092xx -c -I../Core/Inc -I../Drivers/STM32C0xx_HAL_Driver/Inc -I../Drivers/STM32C0xx_HAL_Driver/Inc/Legacy -I../Drivers/BSP/STM32C0xx_Nucleo -I../Drivers/CMSIS/Device/ST/STM32C0xx/Include -I../Drivers/CMSIS/Include -O0 -ffunction-sections -fdata-sections -Wall -fstack-usage -fcyclomatic-complexity -MMD -MP -MF"Drivers/STM32C0xx_HAL_Driver/Src/stm32c0xx_hal_dma_ex.d" -MT"Drivers/STM32C0xx_HAL_Driver/Src/stm32c0xx_hal_dma_ex.o" --specs=nano.specs -mfloat-abi=soft -mthumb -o "Drivers/STM32C0xx_HAL_Driver/Src/stm32c0xx_hal_dma_ex.o"
arm-none-eabi-gcc "../Drivers/STM32C0xx_HAL_Driver/Src/stm32c0xx_hal_exti.c" -mcpu=cortex-m0plus -std=gnu11 -g3 -DDEBUG -DUSE_NUCLEO_64 -DUSE_HAL_DRIVER -DSTM32C092xx -c -I../Core/Inc -I../Drivers/STM32C0xx_HAL_Driver/Inc -I../Drivers/STM32C0xx_HAL_Driver/Inc/Legacy -I../Drivers/BSP/STM32C0xx_Nucleo -I../Drivers/CMSIS/Device/ST/STM32C0xx/Include -I../Drivers/CMSIS/Include -O0 -ffunction-sections -fdata-sections -Wall -fstack-usage -fcyclomatic-complexity -MMD -MP -MF"Drivers/STM32C0xx_HAL_Driver/Src/stm32c0xx_hal_exti.d" -MT"Drivers/STM32C0xx_HAL_Driver/Src/stm32c0xx_hal_exti.o" --specs=nano.specs -mfloat-abi=soft -mthumb -o "Drivers/STM32C0xx_HAL_Driver/Src/stm32c0xx_hal_exti.o"
arm-none-eabi-gcc "../Drivers/STM32C0xx_HAL_Driver/Src/stm32c0xx_hal_flash.c" -mcpu=cortex-m0plus -std=gnu11 -g3 -DDEBUG -DUSE_NUCLEO_64 -DUSE_HAL_DRIVER -DSTM32C092xx -c -I../Core/Inc -I../Drivers/STM32C0xx_HAL_Driver/Inc -I../Drivers/STM32C0xx_HAL_Driver/Inc/Legacy -I../Drivers/BSP/STM32C0xx_Nucleo -I../Drivers/CMSIS/Device/ST/STM32C0xx/Include -I../Drivers/CMSIS/Include -O0 -ffunction-sections -fdata-sections -Wall -fstack-usage -fcyclomatic-complexity -MMD -MP -MF"Drivers/STM32C0xx_HAL_Driver/Src/stm32c0xx_hal_flash.d" -MT"Drivers/STM32C0xx_HAL_Driver/Src/stm32c0xx_hal_flash.o" --specs=nano.specs -mfloat-abi=soft -mthumb -o "Drivers/STM32C0xx_HAL_Driver/Src/stm32c0xx_hal_flash.o"
arm-none-eabi-gcc "../Drivers/STM32C0xx_HAL_Driver/Src/stm32c0xx_hal_flash_ex.c" -mcpu=cortex-m0plus -std=gnu11 -g3 -DDEBUG -DUSE_NUCLEO_64 -DUSE_HAL_DRIVER -DSTM32C092xx -c -I../Core/Inc -I../Drivers/STM32C0xx_HAL_Driver/Inc -I../Drivers/STM32C0xx_HAL_Driver/Inc/Legacy -I../Drivers/BSP/STM32C0xx_Nucleo -I../Drivers/CMSIS/Device/ST/STM32C0xx/Include -I../Drivers/CMSIS/Include -O0 -ffunction-sections -fdata-sections -Wall -fstack-usage -fcyclomatic-complexity -MMD -MP -MF"Drivers/STM32C0xx_HAL_Driver/Src/stm32c0xx_hal_flash_ex.d" -MT"Drivers/STM32C0xx_HAL_Driver/Src/stm32c0xx_hal_flash_ex.o" --specs=nano.specs -mfloat-abi=soft -mthumb -o "Drivers/STM32C0xx_HAL_Driver/Src/stm32c0xx_hal_flash_ex.o"
arm-none-eabi-gcc "../Drivers/STM32C0xx_HAL_Driver/Src/stm32c0xx_hal_gpio.c" -mcpu=cortex-m0plus -std=gnu11 -g3 -DDEBUG -DUSE_NUCLEO_64 -DUSE_HAL_DRIVER -DSTM32C092xx -c -I../Core/Inc -I../Drivers/STM32C0xx_HAL_Driver/Inc -I../Drivers/STM32C0xx_HAL_Driver/Inc/Legacy -I../Drivers/BSP/STM32C0xx_Nucleo -I../Drivers/CMSIS/Device/ST/STM32C0xx/Include -I../Drivers/CMSIS/Include -O0 -ffunction-sections -fdata-sections -Wall -fstack-usage -fcyclomatic-complexity -MMD -MP -MF"Drivers/STM32C0xx_HAL_Driver/Src/stm32c0xx_hal_gpio.d" -MT"Drivers/STM32C0xx_HAL_Driver/Src/stm32c0xx_hal_gpio.o" --specs=nano.specs -mfloat-abi=soft -mthumb -o "Drivers/STM32C0xx_HAL_Driver/Src/stm32c0xx_hal_gpio.o"
arm-none-eabi-gcc "../Drivers/STM32C0xx_HAL_Driver/Src/stm32c0xx_hal_pwr.c" -mcpu=cortex-m0plus -std=gnu11 -g3 -DDEBUG -DUSE_NUCLEO_64 -DUSE_HAL_DRIVER -DSTM32C092xx -c -I../Core/Inc -I../Drivers/STM32C0xx_HAL_Driver/Inc -I../Drivers/STM32C0xx_HAL_Driver/Inc/Legacy -I../Drivers/BSP/STM32C0xx_Nucleo -I../Drivers/CMSIS/Device/ST/STM32C0xx/Include -I../Drivers/CMSIS/Include -O0 -ffunction-sections -fdata-sections -Wall -fstack-usage -fcyclomatic-complexity -MMD -MP -MF"Drivers/STM32C0xx_HAL_Driver/Src/stm32c0xx_hal_pwr.d" -MT"Drivers/STM32C0xx_HAL_Driver/Src/stm32c0xx_hal_pwr.o" --specs=nano.specs -mfloat-abi=soft -mthumb -o "Drivers/STM32C0xx_HAL_Driver/Src/stm32c0xx_hal_pwr.o"
arm-none-eabi-gcc "../Drivers/STM32C0xx_HAL_Driver/Src/stm32c0xx_hal_pwr_ex.c" -mcpu=cortex-m0plus -std=gnu11 -g3 -DDEBUG -DUSE_NUCLEO_64 -DUSE_HAL_DRIVER -DSTM32C092xx -c -I../Core/Inc -I../Drivers/STM32C0xx_HAL_Driver/Inc -I../Drivers/STM32C0xx_HAL_Driver/Inc/Legacy -I../Drivers/BSP/STM32C0xx_Nucleo -I../Drivers/CMSIS/Device/ST/STM32C0xx/Include -I../Drivers/CMSIS/Include -O0 -ffunction-sections -fdata-sections -Wall -fstack-usage -fcyclomatic-complexity -MMD -MP -MF"Drivers/STM32C0xx_HAL_Driver/Src/stm32c0xx_hal_pwr_ex.d" -MT"Drivers/STM32C0xx_HAL_Driver/Src/stm32c0xx_hal_pwr_ex.o" --specs=nano.specs -mfloat-abi=soft -mthumb -o "Drivers/STM32C0xx_HAL_Driver/Src/stm32c0xx_hal_pwr_ex.o"
arm-none-eabi-gcc "../Drivers/STM32C0xx_HAL_Driver/Src/stm32c0xx_hal_rcc.c" -mcpu=cortex-m0plus -std=gnu11 -g3 -DDEBUG -DUSE_NUCLEO_64 -DUSE_HAL_DRIVER -DSTM32C092xx -c -I../Core/Inc -I../Drivers/STM32C0xx_HAL_Driver/Inc -I../Drivers/STM32C0xx_HAL_Driver/Inc/Legacy -I../Drivers/BSP/STM32C0xx_Nucleo -I../Drivers/CMSIS/Device/ST/STM32C0xx/Include -I../Drivers/CMSIS/Include -O0 -ffunction-sections -fdata-sections -Wall -fstack-usage -fcyclomatic-complexity -MMD -MP -MF"Drivers/STM32C0xx_HAL_Driver/Src/stm32c0xx_hal_rcc.d" -MT"Drivers/STM32C0xx_HAL_Driver/Src/stm32c0xx_hal_rcc.o" --specs=nano.specs -mfloat-abi=soft -mthumb -o "Drivers/STM32C0xx_HAL_Driver/Src/stm32c0xx_hal_rcc.o"
arm-none-eabi-gcc "../Drivers/STM32C0xx_HAL_Driver/Src/stm32c0xx_hal_rcc_ex.c" -mcpu=cortex-m0plus -std=gnu11 -g3 -DDEBUG -DUSE_NUCLEO_64 -DUSE_HAL_DRIVER -DSTM32C092xx -c -I../Core/Inc -I../Drivers/STM32C0xx_HAL_Driver/Inc -I../Drivers/STM32C0xx_HAL_Driver/Inc/Legacy -I../Drivers/BSP/STM32C0xx_Nucleo -I../Drivers/CMSIS/Device/ST/STM32C0xx/Include -I../Drivers/CMSIS/Include -O0 -ffunction-sections -fdata-sections -Wall -fstack-usage -fcyclomatic-complexity -MMD -MP -MF"Drivers/STM32C0xx_HAL_Driver/Src/stm32c0xx_hal_rcc_ex.d" -MT"Drivers/STM32C0xx_HAL_Driver/Src/stm32c0xx_hal_rcc_ex.o" --specs=nano.specs -mfloat-abi=soft -mthumb -o "Drivers/STM32C0xx_HAL_Driver/Src/stm32c0xx_hal_rcc_ex.o"
arm-none-eabi-gcc "../Drivers/STM32C0xx_HAL_Driver/Src/stm32c0xx_hal_uart.c" -mcpu=cortex-m0plus -std=gnu11 -g3 -DDEBUG -DUSE_NUCLEO_64 -DUSE_HAL_DRIVER -DSTM32C092xx -c -I../Core/Inc -I../Drivers/STM32C0xx_HAL_Driver/Inc -I../Drivers/STM32C0xx_HAL_Driver/Inc/Legacy -I../Drivers/BSP/STM32C0xx_Nucleo -I../Drivers/CMSIS/Device/ST/STM32C0xx/Include -I../Drivers/CMSIS/Include -O0 -ffunction-sections -fdata-sections -Wall -fstack-usage -fcyclomatic-complexity -MMD -MP -MF"Drivers/STM32C0xx_HAL_Driver/Src/stm32c0xx_hal_uart.d" -MT"Drivers/STM32C0xx_HAL_Driver/Src/stm32c0xx_hal_uart.o" --specs=nano.specs -mfloat-abi=soft -mthumb -o "Drivers/STM32C0xx_HAL_Driver/Src/stm32c0xx_hal_uart.o"
arm-none-eabi-gcc "../Drivers/STM32C0xx_HAL_Driver/Src/stm32c0xx_hal_uart_ex.c" -mcpu=cortex-m0plus -std=gnu11 -g3 -DDEBUG -DUSE_NUCLEO_64 -DUSE_HAL_DRIVER -DSTM32C092xx -c -I../Core/Inc -I../Drivers/STM32C0xx_HAL_Driver/Inc -I../Drivers/STM32C0xx_HAL_Driver/Inc/Legacy -I../Drivers/BSP/STM32C0xx_Nucleo -I../Drivers/CMSIS/Device/ST/STM32C0xx/Include -I../Drivers/CMSIS/Include -O0 -ffunction-sections -fdata-sections -Wall -fstack-usage -fcyclomatic-complexity -MMD -MP -MF"Drivers/STM32C0xx_HAL_Driver/Src/stm32c0xx_hal_uart_ex.d" -MT"Drivers/STM32C0xx_HAL_Driver/Src/stm32c0xx_hal_uart_ex.o" --specs=nano.specs -mfloat-abi=soft -mthumb -o "Drivers/STM32C0xx_HAL_Driver/Src/stm32c0xx_hal_uart_ex.o"
arm-none-eabi-gcc "../Drivers/STM32C0xx_HAL_Driver/Src/stm32c0xx_hal_usart.c" -mcpu=cortex-m0plus -std=gnu11 -g3 -DDEBUG -DUSE_NUCLEO_64 -DUSE_HAL_DRIVER -DSTM32C092xx -c -I../Core/Inc -I../Drivers/STM32C0xx_HAL_Driver/Inc -I../Drivers/STM32C0xx_HAL_Driver/Inc/Legacy -I../Drivers/BSP/STM32C0xx_Nucleo -I../Drivers/CMSIS/Device/ST/STM32C0xx/Include -I../Drivers/CMSIS/Include -O0 -ffunction-sections -fdata-sections -Wall -fstack-usage -fcyclomatic-complexity -MMD -MP -MF"Drivers/STM32C0xx_HAL_Driver/Src/stm32c0xx_hal_usart.d" -MT"Drivers/STM32C0xx_HAL_Driver/Src/stm32c0xx_hal_usart.o" --specs=nano.specs -mfloat-abi=soft -mthumb -o "Drivers/STM32C0xx_HAL_Driver/Src/stm32c0xx_hal_usart.o"
arm-none-eabi-gcc "../Drivers/STM32C0xx_HAL_Driver/Src/stm32c0xx_hal_usart_ex.c" -mcpu=cortex-m0plus -std=gnu11 -g3 -DDEBUG -DUSE_NUCLEO_64 -DUSE_HAL_DRIVER -DSTM32C092xx -c -I../Core/Inc -I../Drivers/STM32C0xx_HAL_Driver/Inc -I../Drivers/STM32C0xx_HAL_Driver/Inc/Legacy -I../Drivers/BSP/STM32C0xx_Nucleo -I../Drivers/CMSIS/Device/ST/STM32C0xx/Include -I../Drivers/CMSIS/Include -O0 -ffunction-sections -fdata-sections -Wall -fstack-usage -fcyclomatic-complexity -MMD -MP -MF"Drivers/STM32C0xx_HAL_Driver/Src/stm32c0xx_hal_usart_ex.d" -MT"Drivers/STM32C0xx_HAL_Driver/Src/stm32c0xx_hal_usart_ex.o" --specs=nano.specs -mfloat-abi=soft -mthumb -o "Drivers/STM32C0xx_HAL_Driver/Src/stm32c0xx_hal_usart_ex.o"
arm-none-eabi-gcc "../Drivers/BSP/STM32C0xx_Nucleo/stm32c0xx_nucleo.c" -mcpu=cortex-m0plus -std=gnu11 -g3 -DDEBUG -DUSE_NUCLEO_64 -DUSE_HAL_DRIVER -DSTM32C092xx -c -I../Core/Inc -I../Drivers/STM32C0xx_HAL_Driver/Inc -I../Drivers/STM32C0xx_HAL_Driver/Inc/Legacy -I../Drivers/BSP/STM32C0xx_Nucleo -I../Drivers/CMSIS/Device/ST/STM32C0xx/Include -I../Drivers/CMSIS/Include -O0 -ffunction-sections -fdata-sections -Wall -fstack-usage -fcyclomatic-complexity -MMD -MP -MF"Drivers/BSP/STM32C0xx_Nucleo/stm32c0xx_nucleo.d" -MT"Drivers/BSP/STM32C0xx_Nucleo/stm32c0xx_nucleo.o" --specs=nano.specs -mfloat-abi=soft -mthumb -o "Drivers/BSP/STM32C0xx_Nucleo/stm32c0xx_nucleo.o"
arm-none-eabi-gcc -mcpu=cortex-m0plus -g3 -DDEBUG -c -x assembler-with-cpp -MMD -MP -MF"Core/Startup/startup_stm32c092rctx.d" -MT"Core/Startup/startup_stm32c092rctx.o" --specs=nano.specs -mfloat-abi=soft -mthumb -o "Core/Startup/startup_stm32c092rctx.o" "../Core/Startup/startup_stm32c092rctx.s"
arm-none-eabi-gcc "../Core/Src/main.c" -mcpu=cortex-m0plus -std=gnu11 -g3 -DDEBUG -DUSE_NUCLEO_64 -DUSE_HAL_DRIVER -DSTM32C092xx -c -I../Core/Inc -I../Drivers/STM32C0xx_HAL_Driver/Inc -I../Drivers/STM32C0xx_HAL_Driver/Inc/Legacy -I../Drivers/BSP/STM32C0xx_Nucleo -I../Drivers/CMSIS/Device/ST/STM32C0xx/Include -I../Drivers/CMSIS/Include -O0 -ffunction-sections -fdata-sections -Wall -fstack-usage -fcyclomatic-complexity -MMD -MP -MF"Core/Src/main.d" -MT"Core/Src/main.o" --specs=nano.specs -mfloat-abi=soft -mthumb -o "Core/Src/main.o"
arm-none-eabi-gcc "../Core/Src/stm32c0xx_hal_msp.c" -mcpu=cortex-m0plus -std=gnu11 -g3 -DDEBUG -DUSE_NUCLEO_64 -DUSE_HAL_DRIVER -DSTM32C092xx -c -I../Core/Inc -I../Drivers/STM32C0xx_HAL_Driver/Inc -I../Drivers/STM32C0xx_HAL_Driver/Inc/Legacy -I../Drivers/BSP/STM32C0xx_Nucleo -I../Drivers/CMSIS/Device/ST/STM32C0xx/Include -I../Drivers/CMSIS/Include -O0 -ffunction-sections -fdata-sections -Wall -fstack-usage -fcyclomatic-complexity -MMD -MP -MF"Core/Src/stm32c0xx_hal_msp.d" -MT"Core/Src/stm32c0xx_hal_msp.o" --specs=nano.specs -mfloat-abi=soft -mthumb -o "Core/Src/stm32c0xx_hal_msp.o"
arm-none-eabi-gcc "../Core/Src/stm32c0xx_it.c" -mcpu=cortex-m0plus -std=gnu11 -g3 -DDEBUG -DUSE_NUCLEO_64 -DUSE_HAL_DRIVER -DSTM32C092xx -c -I../Core/Inc -I../Drivers/STM32C0xx_HAL_Driver/Inc -I../Drivers/STM32C0xx_HAL_Driver/Inc/Legacy -I../Drivers/BSP/STM32C0xx_Nucleo -I../Drivers/CMSIS/Device/ST/STM32C0xx/Include -I../Drivers/CMSIS/Include -O0 -ffunction-sections -fdata-sections -Wall -fstack-usage -fcyclomatic-complexity -MMD -MP -MF"Core/Src/stm32c0xx_it.d" -MT"Core/Src/stm32c0xx_it.o" --specs=nano.specs -mfloat-abi=soft -mthumb -o "Core/Src/stm32c0xx_it.o"
arm-none-eabi-gcc "../Core/Src/syscalls.c" -mcpu=cortex-m0plus -std=gnu11 -g3 -DDEBUG -DUSE_NUCLEO_64 -DUSE_HAL_DRIVER -DSTM32C092xx -c -I../Core/Inc -I../Drivers/STM32C0xx_HAL_Driver/Inc -I../Drivers/STM32C0xx_HAL_Driver/Inc/Legacy -I../Drivers/BSP/STM32C0xx_Nucleo -I../Drivers/CMSIS/Device/ST/STM32C0xx/Include -I../Drivers/CMSIS/Include -O0 -ffunction-sections -fdata-sections -Wall -fstack-usage -fcyclomatic-complexity -MMD -MP -MF"Core/Src/syscalls.d" -MT"Core/Src/syscalls.o" --specs=nano.specs -mfloat-abi=soft -mthumb -o "Core/Src/syscalls.o"
arm-none-eabi-gcc "../Core/Src/sysmem.c" -mcpu=cortex-m0plus -std=gnu11 -g3 -DDEBUG -DUSE_NUCLEO_64 -DUSE_HAL_DRIVER -DSTM32C092xx -c -I../Core/Inc -I../Drivers/STM32C0xx_HAL_Driver/Inc -I../Drivers/STM32C0xx_HAL_Driver/Inc/Legacy -I../Drivers/BSP/STM32C0xx_Nucleo -I../Drivers/CMSIS/Device/ST/STM32C0xx/Include -I../Drivers/CMSIS/Include -O0 -ffunction-sections -fdata-sections -Wall -fstack-usage -fcyclomatic-complexity -MMD -MP -MF"Core/Src/sysmem.d" -MT"Core/Src/sysmem.o" --specs=nano.specs -mfloat-abi=soft -mthumb -o "Core/Src/sysmem.o"
arm-none-eabi-gcc "../Core/Src/system_stm32c0xx.c" -mcpu=cortex-m0plus -std=gnu11 -g3 -DDEBUG -DUSE_NUCLEO_64 -DUSE_HAL_DRIVER -DSTM32C092xx -c -I../Core/Inc -I../Drivers/STM32C0xx_HAL_Driver/Inc -I../Drivers/STM32C0xx_HAL_Driver/Inc/Legacy -I../Drivers/BSP/STM32C0xx_Nucleo -I../Drivers/CMSIS/Device/ST/STM32C0xx/Include -I../Drivers/CMSIS/Include -O0 -ffunction-sections -fdata-sections -Wall -fstack-usage -fcyclomatic-complexity -MMD -MP -MF"Core/Src/system_stm32c0xx.d" -MT"Core/Src/system_stm32c0xx.o" --specs=nano.specs -mfloat-abi=soft -mthumb -o "Core/Src/system_stm32c0xx.o"
arm-none-eabi-gcc -o "HW11.elf" @"objects.list"   -mcpu=cortex-m0plus -T"C:\Users\Acqua\Desktop\ME433\HW11\STM32C092RCTX_FLASH.ld" --specs=nosys.specs -Wl,-Map="HW11.map" -Wl,--gc-sections -static --specs=nano.specs -mfloat-abi=soft -mthumb -Wl,--start-group -lc -lm -Wl,--end-group
Finished building target: HW11.elf
 
arm-none-eabi-size  HW11.elf 
arm-none-eabi-objdump -h -S HW11.elf  > "HW11.list"
   text	   data	    bss	    dec	    hex	filename
   8012	     36	   1748	   9796	   2644	HW11.elf
Finished building: default.size.stdout
 
Finished building: HW11.list
 
03:34:17 **** Incremental Build of configuration Debug for project HW11 ****
make -j16 all 
arm-none-eabi-size  HW11.elf 
   text	   data	    bss	    dec	    hex	filename
   8012	     36	   1748	   9796	   2644	HW11.elf
Finished building: default.size.stdout
 
03:38:46 **** Incremental Build of configuration Debug for project HW11 ****
make -j16 all 
arm-none-eabi-gcc "../Core/Src/main.c" -mcpu=cortex-m0plus -std=gnu11 -g3 -DDEBUG -DUSE_NUCLEO_64 -DUSE_HAL_DRIVER -DSTM32C092xx -c -I../Core/Inc -I../Drivers/STM32C0xx_HAL_Driver/Inc -I../Drivers/STM32C0xx_HAL_Driver/Inc/Legacy -I../Drivers/BSP/STM32C0xx_Nucleo -I../Drivers/CMSIS/Device/ST/STM32C0xx/Include -I../Drivers/CMSIS/Include -O0 -ffunction-sections -fdata-sections -Wall -fstack-usage -fcyclomatic-complexity -MMD -MP -MF"Core/Src/main.d" -MT"Core/Src/main.o" --specs=nano.specs -mfloat-abi=soft -mthumb -o "Core/Src/main.o"
../Core/Src/main.c: In function 'main':
../Core/Src/main.c:118:1: error: implicit declaration of function 'Hal_delay'; did you mean 'HAL_Delay'? [-Wimplicit-function-declaration]
  118 | Hal_delay(1000);
      | ^~~~~~~~~
      | HAL_Delay
make: *** [Core/Src/subdir.mk:34: Core/Src/main.o] Error 1
"make -j16 all" terminated with exit code 2. Build might be incomplete.
03:39:02 **** Incremental Build of configuration Debug for project HW11 ****
make -j16 all 
arm-none-eabi-gcc "../Core/Src/main.c" -mcpu=cortex-m0plus -std=gnu11 -g3 -DDEBUG -DUSE_NUCLEO_64 -DUSE_HAL_DRIVER -DSTM32C092xx -c -I../Core/Inc -I../Drivers/STM32C0xx_HAL_Driver/Inc -I../Drivers/STM32C0xx_HAL_Driver/Inc/Legacy -I../Drivers/BSP/STM32C0xx_Nucleo -I../Drivers/CMSIS/Device/ST/STM32C0xx/Include -I../Drivers/CMSIS/Include -O0 -ffunction-sections -fdata-sections -Wall -fstack-usage -fcyclomatic-complexity -MMD -MP -MF"Core/Src/main.d" -MT"Core/Src/main.o" --specs=nano.specs -mfloat-abi=soft -mthumb -o "Core/Src/main.o"
../Core/Src/main.c: In function 'main':
../Core/Src/main.c:118:1: error: implicit declaration of function 'Hal_Delay'; did you mean 'HAL_Delay'? [-Wimplicit-function-declaration]
  118 | Hal_Delay(1000);
      | ^~~~~~~~~
      | HAL_Delay
make: *** [Core/Src/subdir.mk:34: Core/Src/main.o] Error 1
"make -j16 all" terminated with exit code 2. Build might be incomplete.
03:39:17 **** Incremental Build of configuration Debug for project HW11 ****
make -j16 all 
arm-none-eabi-gcc "../Core/Src/main.c" -mcpu=cortex-m0plus -std=gnu11 -g3 -DDEBUG -DUSE_NUCLEO_64 -DUSE_HAL_DRIVER -DSTM32C092xx -c -I../Core/Inc -I../Drivers/STM32C0xx_HAL_Driver/Inc -I../Drivers/STM32C0xx_HAL_Driver/Inc/Legacy -I../Drivers/BSP/STM32C0xx_Nucleo -I../Drivers/CMSIS/Device/ST/STM32C0xx/Include -I../Drivers/CMSIS/Include -O0 -ffunction-sections -fdata-sections -Wall -fstack-usage -fcyclomatic-complexity -MMD -MP -MF"Core/Src/main.d" -MT"Core/Src/main.o" --specs=nano.specs -mfloat-abi=soft -mthumb -o "Core/Src/main.o"
arm-none-eabi-gcc -o "HW11.elf" @"objects.list"   -mcpu=cortex-m0plus -T"C:\Users\Acqua\Desktop\ME433\HW11\STM32C092RCTX_FLASH.ld" --specs=nosys.specs -Wl,-Map="HW11.map" -Wl,--gc-sections -static --specs=nano.specs -mfloat-abi=soft -mthumb -Wl,--start-group -lc -lm -Wl,--end-group
Finished building target: HW11.elf
 
arm-none-eabi-size  HW11.elf 
arm-none-eabi-objdump -h -S HW11.elf  > "HW11.list"
   text	   data	    bss	    dec	    hex	filename
  12544	    128	   2088	  14760	   39a8	HW11.elf
Finished building: default.size.stdout
 
Finished building: HW11.list
 
03:40:36 **** Incremental Build of configuration Debug for project HW11 ****
make -j16 all 
arm-none-eabi-gcc "../Core/Src/main.c" -mcpu=cortex-m0plus -std=gnu11 -g3 -DDEBUG -DUSE_NUCLEO_64 -DUSE_HAL_DRIVER -DSTM32C092xx -c -I../Core/Inc -I../Drivers/STM32C0xx_HAL_Driver/Inc -I../Drivers/STM32C0xx_HAL_Driver/Inc/Legacy -I../Drivers/BSP/STM32C0xx_Nucleo -I../Drivers/CMSIS/Device/ST/STM32C0xx/Include -I../Drivers/CMSIS/Include -O0 -ffunction-sections -fdata-sections -Wall -fstack-usage -fcyclomatic-complexity -MMD -MP -MF"Core/Src/main.d" -MT"Core/Src/main.o" --specs=nano.specs -mfloat-abi=soft -mthumb -o "Core/Src/main.o"
arm-none-eabi-gcc -o "HW11.elf" @"objects.list"   -mcpu=cortex-m0plus -T"C:\Users\Acqua\Desktop\ME433\HW11\STM32C092RCTX_FLASH.ld" --specs=nosys.specs -Wl,-Map="HW11.map" -Wl,--gc-sections -static --specs=nano.specs -mfloat-abi=soft -mthumb -Wl,--start-group -lc -lm -Wl,--end-group
Finished building target: HW11.elf
 
arm-none-eabi-size  HW11.elf 
arm-none-eabi-objdump -h -S HW11.elf  > "HW11.list"
   text	   data	    bss	    dec	    hex	filename
  11204	    128	   2088	  13420	   346c	HW11.elf
Finished building: default.size.stdout
 
Finished building: HW11.list
 
04:08:03 **** Incremental Build of configuration Debug for project HW11 ****
make -j16 all 
arm-none-eabi-gcc "../Core/Src/main.c" -mcpu=cortex-m0plus -std=gnu11 -g3 -DDEBUG -DUSE_NUCLEO_64 -DUSE_HAL_DRIVER -DSTM32C092xx -c -I../Core/Inc -I../Drivers/STM32C0xx_HAL_Driver/Inc -I../Drivers/STM32C0xx_HAL_Driver/Inc/Legacy -I../Drivers/BSP/STM32C0xx_Nucleo -I../Drivers/CMSIS/Device/ST/STM32C0xx/Include -I../Drivers/CMSIS/Include -O0 -ffunction-sections -fdata-sections -Wall -fstack-usage -fcyclomatic-complexity -MMD -MP -MF"Core/Src/main.d" -MT"Core/Src/main.o" --specs=nano.specs -mfloat-abi=soft -mthumb -o "Core/Src/main.o"
arm-none-eabi-gcc "../Core/Src/stm32c0xx_hal_msp.c" -mcpu=cortex-m0plus -std=gnu11 -g3 -DDEBUG -DUSE_NUCLEO_64 -DUSE_HAL_DRIVER -DSTM32C092xx -c -I../Core/Inc -I../Drivers/STM32C0xx_HAL_Driver/Inc -I../Drivers/STM32C0xx_HAL_Driver/Inc/Legacy -I../Drivers/BSP/STM32C0xx_Nucleo -I../Drivers/CMSIS/Device/ST/STM32C0xx/Include -I../Drivers/CMSIS/Include -O0 -ffunction-sections -fdata-sections -Wall -fstack-usage -fcyclomatic-complexity -MMD -MP -MF"Core/Src/stm32c0xx_hal_msp.d" -MT"Core/Src/stm32c0xx_hal_msp.o" --specs=nano.specs -mfloat-abi=soft -mthumb -o "Core/Src/stm32c0xx_hal_msp.o"
arm-none-eabi-gcc -o "HW11.elf" @"objects.list"   -mcpu=cortex-m0plus -T"C:\Users\Acqua\Desktop\ME433\HW11\STM32C092RCTX_FLASH.ld" --specs=nosys.specs -Wl,-Map="HW11.map" -Wl,--gc-sections -static --specs=nano.specs -mfloat-abi=soft -mthumb -Wl,--start-group -lc -lm -Wl,--end-group
Finished building target: HW11.elf
 
arm-none-eabi-size  HW11.elf 
arm-none-eabi-objdump -h -S HW11.elf  > "HW11.list"
   text	   data	    bss	    dec	    hex	filename
  10384	     36	   1892	  12312	   3018	HW11.elf
Finished building: default.size.stdout
 
Finished building: HW11.list
 
04:16:14 **** Incremental Build of configuration Debug for project HW11 ****
make -j16 all 
arm-none-eabi-size  HW11.elf 
   text	   data	    bss	    dec	    hex	filename
  10384	     36	   1892	  12312	   3018	HW11.elf
Finished building: default.size.stdout
 
04:36:23 **** Incremental Build of configuration Debug for project HW11 ****
make -j16 all 
arm-none-eabi-gcc "../Core/Src/main.c" -mcpu=cortex-m0plus -std=gnu11 -g3 -DDEBUG -DUSE_NUCLEO_64 -DUSE_HAL_DRIVER -DSTM32C092xx -c -I../Core/Inc -I../Drivers/STM32C0xx_HAL_Driver/Inc -I../Drivers/STM32C0xx_HAL_Driver/Inc/Legacy -I../Drivers/BSP/STM32C0xx_Nucleo -I../Drivers/CMSIS/Device/ST/STM32C0xx/Include -I../Drivers/CMSIS/Include -O0 -ffunction-sections -fdata-sections -Wall -fstack-usage -fcyclomatic-complexity -MMD -MP -MF"Core/Src/main.d" -MT"Core/Src/main.o" --specs=nano.specs -mfloat-abi=soft -mthumb -o "Core/Src/main.o"
arm-none-eabi-gcc -o "HW11.elf" @"objects.list"   -mcpu=cortex-m0plus -T"C:\Users\Acqua\Desktop\ME433\HW11\STM32C092RCTX_FLASH.ld" --specs=nosys.specs -Wl,-Map="HW11.map" -Wl,--gc-sections -static --specs=nano.specs -mfloat-abi=soft -mthumb -Wl,--start-group -lc -lm -Wl,--end-group
Finished building target: HW11.elf
 
arm-none-eabi-size  HW11.elf 
arm-none-eabi-objdump -h -S HW11.elf  > "HW11.list"
   text	   data	    bss	    dec	    hex	filename
  10876	     36	   1892	  12804	   3204	HW11.elf
Finished building: default.size.stdout
 
Finished building: HW11.list
 
04:43:03 **** Incremental Build of configuration Debug for project HW11 ****
make -j16 all 
arm-none-eabi-gcc "../Core/Src/main.c" -mcpu=cortex-m0plus -std=gnu11 -g3 -DDEBUG -DUSE_NUCLEO_64 -DUSE_HAL_DRIVER -DSTM32C092xx -c -I../Core/Inc -I../Drivers/STM32C0xx_HAL_Driver/Inc -I../Drivers/STM32C0xx_HAL_Driver/Inc/Legacy -I../Drivers/BSP/STM32C0xx_Nucleo -I../Drivers/CMSIS/Device/ST/STM32C0xx/Include -I../Drivers/CMSIS/Include -O0 -ffunction-sections -fdata-sections -Wall -fstack-usage -fcyclomatic-complexity -MMD -MP -MF"Core/Src/main.d" -MT"Core/Src/main.o" --specs=nano.specs -mfloat-abi=soft -mthumb -o "Core/Src/main.o"
arm-none-eabi-gcc -o "HW11.elf" @"objects.list"   -mcpu=cortex-m0plus -T"C:\Users\Acqua\Desktop\ME433\HW11\STM32C092RCTX_FLASH.ld" --specs=nosys.specs -Wl,-Map="HW11.map" -Wl,--gc-sections -static --specs=nano.specs -mfloat-abi=soft -mthumb -Wl,--start-group -lc -lm -Wl,--end-group
Finished building target: HW11.elf
 
arm-none-eabi-size  HW11.elf 
arm-none-eabi-objdump -h -S HW11.elf  > "HW11.list"
   text	   data	    bss	    dec	    hex	filename
  10800	     36	   1892	  12728	   31b8	HW11.elf
Finished building: default.size.stdout
 
Finished building: HW11.list
 
04:55:43 **** Incremental Build of configuration Debug for project HW11 ****
make -j16 all 
arm-none-eabi-gcc "../Core/Src/main.c" -mcpu=cortex-m0plus -std=gnu11 -g3 -DDEBUG -DUSE_NUCLEO_64 -DUSE_HAL_DRIVER -DSTM32C092xx -c -I../Core/Inc -I../Drivers/STM32C0xx_HAL_Driver/Inc -I../Drivers/STM32C0xx_HAL_Driver/Inc/Legacy -I../Drivers/BSP/STM32C0xx_Nucleo -I../Drivers/CMSIS/Device/ST/STM32C0xx/Include -I../Drivers/CMSIS/Include -O0 -ffunction-sections -fdata-sections -Wall -fstack-usage -fcyclomatic-complexity -MMD -MP -MF"Core/Src/main.d" -MT"Core/Src/main.o" --specs=nano.specs -mfloat-abi=soft -mthumb -o "Core/Src/main.o"
../Core/Src/main.c: In function 'main':
../Core/Src/main.c:122:38: warning: pointer targets in passing argument 2 of 'HAL_UART_Transmit' differ in signedness [-Wpointer-sign]
  122 |           HAL_UART_Transmit(&huart1, "HELLO\r\n", 7, HAL_MAX_DELAY);
      |                                      ^~~~~~~~~~~
      |                                      |
      |                                      char *
In file included from ../Core/Inc/stm32c0xx_hal_conf.h:241,
                 from ../Drivers/STM32C0xx_HAL_Driver/Inc/stm32c0xx_hal.h:30,
                 from ../Core/Inc/main.h:30,
                 from ../Core/Src/main.c:20:
../Drivers/STM32C0xx_HAL_Driver/Inc/stm32c0xx_hal_uart.h:1631:79: note: expected 'const uint8_t *' {aka 'const unsigned char *'} but argument is of type 'char *'
 1631 | HAL_StatusTypeDef HAL_UART_Transmit(UART_HandleTypeDef *huart, const uint8_t *pData, uint16_t Size, uint32_t Timeout);
      |                                                                ~~~~~~~~~~~~~~~^~~~~
arm-none-eabi-gcc -o "HW11.elf" @"objects.list"   -mcpu=cortex-m0plus -T"C:\Users\Acqua\Desktop\ME433\HW11\STM32C092RCTX_FLASH.ld" --specs=nosys.specs -Wl,-Map="HW11.map" -Wl,--gc-sections -static --specs=nano.specs -mfloat-abi=soft -mthumb -Wl,--start-group -lc -lm -Wl,--end-group
Finished building target: HW11.elf
 
arm-none-eabi-size  HW11.elf 
arm-none-eabi-objdump -h -S HW11.elf  > "HW11.list"
   text	   data	    bss	    dec	    hex	filename
  10336	     36	   1892	  12264	   2fe8	HW11.elf
Finished building: default.size.stdout
 
Finished building: HW11.list
 
04:59:23 **** Incremental Build of configuration Debug for project HW11 ****
make -j16 all 
arm-none-eabi-gcc "../Core/Src/main.c" -mcpu=cortex-m0plus -std=gnu11 -g3 -DDEBUG -DUSE_NUCLEO_64 -DUSE_HAL_DRIVER -DSTM32C092xx -c -I../Core/Inc -I../Drivers/STM32C0xx_HAL_Driver/Inc -I../Drivers/STM32C0xx_HAL_Driver/Inc/Legacy -I../Drivers/BSP/STM32C0xx_Nucleo -I../Drivers/CMSIS/Device/ST/STM32C0xx/Include -I../Drivers/CMSIS/Include -O0 -ffunction-sections -fdata-sections -Wall -fstack-usage -fcyclomatic-complexity -MMD -MP -MF"Core/Src/main.d" -MT"Core/Src/main.o" --specs=nano.specs -mfloat-abi=soft -mthumb -o "Core/Src/main.o"
arm-none-eabi-gcc -o "HW11.elf" @"objects.list"   -mcpu=cortex-m0plus -T"C:\Users\Acqua\Desktop\ME433\HW11\STM32C092RCTX_FLASH.ld" --specs=nosys.specs -Wl,-Map="HW11.map" -Wl,--gc-sections -static --specs=nano.specs -mfloat-abi=soft -mthumb -Wl,--start-group -lc -lm -Wl,--end-group
Finished building target: HW11.elf
 
arm-none-eabi-size  HW11.elf 
arm-none-eabi-objdump -h -S HW11.elf  > "HW11.list"
   text	   data	    bss	    dec	    hex	filename
  10336	     36	   1892	  12264	   2fe8	HW11.elf
Finished building: default.size.stdout
 
Finished building: HW11.list
 
05:11:58 **** Incremental Build of configuration Debug for project HW11 ****
make -j16 all 
arm-none-eabi-gcc "../Core/Src/main.c" -mcpu=cortex-m0plus -std=gnu11 -g3 -DDEBUG -DUSE_NUCLEO_64 -DUSE_HAL_DRIVER -DSTM32C092xx -c -I../Core/Inc -I../Drivers/STM32C0xx_HAL_Driver/Inc -I../Drivers/STM32C0xx_HAL_Driver/Inc/Legacy -I../Drivers/BSP/STM32C0xx_Nucleo -I../Drivers/CMSIS/Device/ST/STM32C0xx/Include -I../Drivers/CMSIS/Include -O0 -ffunction-sections -fdata-sections -Wall -fstack-usage -fcyclomatic-complexity -MMD -MP -MF"Core/Src/main.d" -MT"Core/Src/main.o" --specs=nano.specs -mfloat-abi=soft -mthumb -o "Core/Src/main.o"
../Core/Src/main.c: In function 'main':
../Core/Src/main.c:122:40: error: 'ch' undeclared (first use in this function); did you mean 'char'?
  122 |         if (HAL_UART_Receive(&huart1, &ch, 1, 10) == HAL_OK)
      |                                        ^~
      |                                        char
../Core/Src/main.c:122:40: note: each undeclared identifier is reported only once for each function it appears in
make: *** [Core/Src/subdir.mk:34: Core/Src/main.o] Error 1
"make -j16 all" terminated with exit code 2. Build might be incomplete.
05:12:18 **** Incremental Build of configuration Debug for project HW11 ****
make -j16 all 
arm-none-eabi-gcc "../Core/Src/main.c" -mcpu=cortex-m0plus -std=gnu11 -g3 -DDEBUG -DUSE_NUCLEO_64 -DUSE_HAL_DRIVER -DSTM32C092xx -c -I../Core/Inc -I../Drivers/STM32C0xx_HAL_Driver/Inc -I../Drivers/STM32C0xx_HAL_Driver/Inc/Legacy -I../Drivers/BSP/STM32C0xx_Nucleo -I../Drivers/CMSIS/Device/ST/STM32C0xx/Include -I../Drivers/CMSIS/Include -O0 -ffunction-sections -fdata-sections -Wall -fstack-usage -fcyclomatic-complexity -MMD -MP -MF"Core/Src/main.d" -MT"Core/Src/main.o" --specs=nano.specs -mfloat-abi=soft -mthumb -o "Core/Src/main.o"
arm-none-eabi-gcc -o "HW11.elf" @"objects.list"   -mcpu=cortex-m0plus -T"C:\Users\Acqua\Desktop\ME433\HW11\STM32C092RCTX_FLASH.ld" --specs=nosys.specs -Wl,-Map="HW11.map" -Wl,--gc-sections -static --specs=nano.specs -mfloat-abi=soft -mthumb -Wl,--start-group -lc -lm -Wl,--end-group
Finished building target: HW11.elf
 
arm-none-eabi-size  HW11.elf 
arm-none-eabi-objdump -h -S HW11.elf  > "HW11.list"
   text	   data	    bss	    dec	    hex	filename
  10716	     36	   1892	  12644	   3164	HW11.elf
Finished building: default.size.stdout
 
Finished building: HW11.list
 
05:14:12 **** Incremental Build of configuration Debug for project HW11 ****
make -j16 all 
arm-none-eabi-gcc "../Core/Src/main.c" -mcpu=cortex-m0plus -std=gnu11 -g3 -DDEBUG -DUSE_NUCLEO_64 -DUSE_HAL_DRIVER -DSTM32C092xx -c -I../Core/Inc -I../Drivers/STM32C0xx_HAL_Driver/Inc -I../Drivers/STM32C0xx_HAL_Driver/Inc/Legacy -I../Drivers/BSP/STM32C0xx_Nucleo -I../Drivers/CMSIS/Device/ST/STM32C0xx/Include -I../Drivers/CMSIS/Include -O0 -ffunction-sections -fdata-sections -Wall -fstack-usage -fcyclomatic-complexity -MMD -MP -MF"Core/Src/main.d" -MT"Core/Src/main.o" --specs=nano.specs -mfloat-abi=soft -mthumb -o "Core/Src/main.o"
../Core/Src/main.c: In function 'main':
../Core/Src/main.c:124:15: error: 'character_available_on_COM12' undeclared (first use in this function)
  124 |           if (character_available_on_COM12)
      |               ^~~~~~~~~~~~~~~~~~~~~~~~~~~~
../Core/Src/main.c:124:15: note: each undeclared identifier is reported only once for each function it appears in
../Core/Src/main.c:132:15: error: implicit declaration of function 'print_to_COM12' [-Wimplicit-function-declaration]
  132 |               print_to_COM12(ch);
      |               ^~~~~~~~~~~~~~
make: *** [Core/Src/subdir.mk:34: Core/Src/main.o] Error 1
"make -j16 all" terminated with exit code 2. Build might be incomplete.
05:17:19 **** Incremental Build of configuration Debug for project HW11 ****
make -j16 all 
arm-none-eabi-gcc "../Core/Src/main.c" -mcpu=cortex-m0plus -std=gnu11 -g3 -DDEBUG -DUSE_NUCLEO_64 -DUSE_HAL_DRIVER -DSTM32C092xx -c -I../Core/Inc -I../Drivers/STM32C0xx_HAL_Driver/Inc -I../Drivers/STM32C0xx_HAL_Driver/Inc/Legacy -I../Drivers/BSP/STM32C0xx_Nucleo -I../Drivers/CMSIS/Device/ST/STM32C0xx/Include -I../Drivers/CMSIS/Include -O0 -ffunction-sections -fdata-sections -Wall -fstack-usage -fcyclomatic-complexity -MMD -MP -MF"Core/Src/main.d" -MT"Core/Src/main.o" --specs=nano.specs -mfloat-abi=soft -mthumb -o "Core/Src/main.o"
arm-none-eabi-gcc -o "HW11.elf" @"objects.list"   -mcpu=cortex-m0plus -T"C:\Users\Acqua\Desktop\ME433\HW11\STM32C092RCTX_FLASH.ld" --specs=nosys.specs -Wl,-Map="HW11.map" -Wl,--gc-sections -static --specs=nano.specs -mfloat-abi=soft -mthumb -Wl,--start-group -lc -lm -Wl,--end-group
Finished building target: HW11.elf
 
arm-none-eabi-size  HW11.elf 
arm-none-eabi-objdump -h -S HW11.elf  > "HW11.list"
   text	   data	    bss	    dec	    hex	filename
  10752	     36	   1892	  12680	   3188	HW11.elf
Finished building: default.size.stdout
 
Finished building: HW11.list
 
05:20:02 **** Incremental Build of configuration Debug for project HW11 ****
make -j16 all 
arm-none-eabi-gcc "../Core/Src/main.c" -mcpu=cortex-m0plus -std=gnu11 -g3 -DDEBUG -DUSE_NUCLEO_64 -DUSE_HAL_DRIVER -DSTM32C092xx -c -I../Core/Inc -I../Drivers/STM32C0xx_HAL_Driver/Inc -I../Drivers/STM32C0xx_HAL_Driver/Inc/Legacy -I../Drivers/BSP/STM32C0xx_Nucleo -I../Drivers/CMSIS/Device/ST/STM32C0xx/Include -I../Drivers/CMSIS/Include -O0 -ffunction-sections -fdata-sections -Wall -fstack-usage -fcyclomatic-complexity -MMD -MP -MF"Core/Src/main.d" -MT"Core/Src/main.o" --specs=nano.specs -mfloat-abi=soft -mthumb -o "Core/Src/main.o"
arm-none-eabi-gcc -o "HW11.elf" @"objects.list"   -mcpu=cortex-m0plus -T"C:\Users\Acqua\Desktop\ME433\HW11\STM32C092RCTX_FLASH.ld" --specs=nosys.specs -Wl,-Map="HW11.map" -Wl,--gc-sections -static --specs=nano.specs -mfloat-abi=soft -mthumb -Wl,--start-group -lc -lm -Wl,--end-group
Finished building target: HW11.elf
 
arm-none-eabi-size  HW11.elf 
arm-none-eabi-objdump -h -S HW11.elf  > "HW11.list"
   text	   data	    bss	    dec	    hex	filename
  10752	     36	   1892	  12680	   3188	HW11.elf
Finished building: default.size.stdout
 
Finished building: HW11.list
 
05:24:27 **** Incremental Build of configuration Debug for project HW11 ****
make -j16 all 
arm-none-eabi-gcc "../Core/Src/main.c" -mcpu=cortex-m0plus -std=gnu11 -g3 -DDEBUG -DUSE_NUCLEO_64 -DUSE_HAL_DRIVER -DSTM32C092xx -c -I../Core/Inc -I../Drivers/STM32C0xx_HAL_Driver/Inc -I../Drivers/STM32C0xx_HAL_Driver/Inc/Legacy -I../Drivers/BSP/STM32C0xx_Nucleo -I../Drivers/CMSIS/Device/ST/STM32C0xx/Include -I../Drivers/CMSIS/Include -O0 -ffunction-sections -fdata-sections -Wall -fstack-usage -fcyclomatic-complexity -MMD -MP -MF"Core/Src/main.d" -MT"Core/Src/main.o" --specs=nano.specs -mfloat-abi=soft -mthumb -o "Core/Src/main.o"
arm-none-eabi-gcc -o "HW11.elf" @"objects.list"   -mcpu=cortex-m0plus -T"C:\Users\Acqua\Desktop\ME433\HW11\STM32C092RCTX_FLASH.ld" --specs=nosys.specs -Wl,-Map="HW11.map" -Wl,--gc-sections -static --specs=nano.specs -mfloat-abi=soft -mthumb -Wl,--start-group -lc -lm -Wl,--end-group
Finished building target: HW11.elf
 
arm-none-eabi-size  HW11.elf 
arm-none-eabi-objdump -h -S HW11.elf  > "HW11.list"
   text	   data	    bss	    dec	    hex	filename
  10716	     36	   1892	  12644	   3164	HW11.elf
Finished building: default.size.stdout
 
Finished building: HW11.list
 
05:26:03 **** Incremental Build of configuration Debug for project HW11 ****
make -j16 all 
arm-none-eabi-size  HW11.elf 
   text	   data	    bss	    dec	    hex	filename
  10716	     36	   1892	  12644	   3164	HW11.elf
Finished building: default.size.stdout
 
05:33:11 **** Incremental Build of configuration Debug for project HW11 ****
make -j16 all 
arm-none-eabi-size  HW11.elf 
   text	   data	    bss	    dec	    hex	filename
  10716	     36	   1892	  12644	   3164	HW11.elf
Finished building: default.size.stdout
 
12:54:39 **** Incremental Build of configuration Debug for project HW11 ****
make -j16 all 
arm-none-eabi-gcc "../Core/Src/main.c" -mcpu=cortex-m0plus -std=gnu11 -g3 -DDEBUG -DUSE_NUCLEO_64 -DUSE_HAL_DRIVER -DSTM32C092xx -c -I../Core/Inc -I../Drivers/STM32C0xx_HAL_Driver/Inc -I../Drivers/STM32C0xx_HAL_Driver/Inc/Legacy -I../Drivers/BSP/STM32C0xx_Nucleo -I../Drivers/CMSIS/Device/ST/STM32C0xx/Include -I../Drivers/CMSIS/Include -O0 -ffunction-sections -fdata-sections -Wall -fstack-usage -fcyclomatic-complexity -MMD -MP -MF"Core/Src/main.d" -MT"Core/Src/main.o" --specs=nano.specs -mfloat-abi=soft -mthumb -o "Core/Src/main.o"
arm-none-eabi-gcc -o "HW11.elf" @"objects.list"   -mcpu=cortex-m0plus -T"C:\Users\Acqua\Desktop\ME433\HW11\STM32C092RCTX_FLASH.ld" --specs=nosys.specs -Wl,-Map="HW11.map" -Wl,--gc-sections -static --specs=nano.specs -mfloat-abi=soft -mthumb -Wl,--start-group -lc -lm -Wl,--end-group
Finished building target: HW11.elf
 
arm-none-eabi-size  HW11.elf 
arm-none-eabi-objdump -h -S HW11.elf  > "HW11.list"
   text	   data	    bss	    dec	    hex	filename
  10364	     36	   1892	  12292	   3004	HW11.elf
Finished building: default.size.stdout
 
Finished building: HW11.list
 
12:58:32 **** Incremental Build of configuration Debug for project HW11 ****
make -j16 all 
arm-none-eabi-gcc "../Core/Src/main.c" -mcpu=cortex-m0plus -std=gnu11 -g3 -DDEBUG -DUSE_NUCLEO_64 -DUSE_HAL_DRIVER -DSTM32C092xx -c -I../Core/Inc -I../Drivers/STM32C0xx_HAL_Driver/Inc -I../Drivers/STM32C0xx_HAL_Driver/Inc/Legacy -I../Drivers/BSP/STM32C0xx_Nucleo -I../Drivers/CMSIS/Device/ST/STM32C0xx/Include -I../Drivers/CMSIS/Include -O0 -ffunction-sections -fdata-sections -Wall -fstack-usage -fcyclomatic-complexity -MMD -MP -MF"Core/Src/main.d" -MT"Core/Src/main.o" --specs=nano.specs -mfloat-abi=soft -mthumb -o "Core/Src/main.o"
arm-none-eabi-gcc -o "HW11.elf" @"objects.list"   -mcpu=cortex-m0plus -T"C:\Users\Acqua\Desktop\ME433\HW11\STM32C092RCTX_FLASH.ld" --specs=nosys.specs -Wl,-Map="HW11.map" -Wl,--gc-sections -static --specs=nano.specs -mfloat-abi=soft -mthumb -Wl,--start-group -lc -lm -Wl,--end-group
Finished building target: HW11.elf
 
arm-none-eabi-size  HW11.elf 
arm-none-eabi-objdump -h -S HW11.elf  > "HW11.list"
   text	   data	    bss	    dec	    hex	filename
  13576	    128	   2232	  15936	   3e40	HW11.elf
Finished building: default.size.stdout
 
Finished building: HW11.list
 
13:00:57 **** Incremental Build of configuration Debug for project HW11 ****
make -j16 all 
arm-none-eabi-gcc "../Core/Src/main.c" -mcpu=cortex-m0plus -std=gnu11 -g3 -DDEBUG -DUSE_NUCLEO_64 -DUSE_HAL_DRIVER -DSTM32C092xx -c -I../Core/Inc -I../Drivers/STM32C0xx_HAL_Driver/Inc -I../Drivers/STM32C0xx_HAL_Driver/Inc/Legacy -I../Drivers/BSP/STM32C0xx_Nucleo -I../Drivers/CMSIS/Device/ST/STM32C0xx/Include -I../Drivers/CMSIS/Include -O0 -ffunction-sections -fdata-sections -Wall -fstack-usage -fcyclomatic-complexity -MMD -MP -MF"Core/Src/main.d" -MT"Core/Src/main.o" --specs=nano.specs -mfloat-abi=soft -mthumb -o "Core/Src/main.o"
../Core/Src/main.c: In function 'main':
../Core/Src/main.c:119:11: warning: unused variable 'ch' [-Wunused-variable]
  119 |   uint8_t ch;
      |           ^~
arm-none-eabi-gcc -o "HW11.elf" @"objects.list"   -mcpu=cortex-m0plus -T"C:\Users\Acqua\Desktop\ME433\HW11\STM32C092RCTX_FLASH.ld" --specs=nosys.specs -Wl,-Map="HW11.map" -Wl,--gc-sections -static --specs=nano.specs -mfloat-abi=soft -mthumb -Wl,--start-group -lc -lm -Wl,--end-group
Finished building target: HW11.elf
 
arm-none-eabi-size  HW11.elf 
arm-none-eabi-objdump -h -S HW11.elf  > "HW11.list"
   text	   data	    bss	    dec	    hex	filename
  10368	     36	   1892	  12296	   3008	HW11.elf
Finished building: default.size.stdout
 
Finished building: HW11.list
 
13:01:21 **** Incremental Build of configuration Debug for project HW11 ****
make -j16 all 
arm-none-eabi-gcc "../Core/Src/main.c" -mcpu=cortex-m0plus -std=gnu11 -g3 -DDEBUG -DUSE_NUCLEO_64 -DUSE_HAL_DRIVER -DSTM32C092xx -c -I../Core/Inc -I../Drivers/STM32C0xx_HAL_Driver/Inc -I../Drivers/STM32C0xx_HAL_Driver/Inc/Legacy -I../Drivers/BSP/STM32C0xx_Nucleo -I../Drivers/CMSIS/Device/ST/STM32C0xx/Include -I../Drivers/CMSIS/Include -O0 -ffunction-sections -fdata-sections -Wall -fstack-usage -fcyclomatic-complexity -MMD -MP -MF"Core/Src/main.d" -MT"Core/Src/main.o" --specs=nano.specs -mfloat-abi=soft -mthumb -o "Core/Src/main.o"
arm-none-eabi-gcc -o "HW11.elf" @"objects.list"   -mcpu=cortex-m0plus -T"C:\Users\Acqua\Desktop\ME433\HW11\STM32C092RCTX_FLASH.ld" --specs=nosys.specs -Wl,-Map="HW11.map" -Wl,--gc-sections -static --specs=nano.specs -mfloat-abi=soft -mthumb -Wl,--start-group -lc -lm -Wl,--end-group
Finished building target: HW11.elf
 
arm-none-eabi-size  HW11.elf 
arm-none-eabi-objdump -h -S HW11.elf  > "HW11.list"
   text	   data	    bss	    dec	    hex	filename
  10368	     36	   1892	  12296	   3008	HW11.elf
Finished building: default.size.stdout
 
Finished building: HW11.list
 
13:04:22 **** Incremental Build of configuration Debug for project HW11 ****
make -j16 all 
arm-none-eabi-gcc "../Core/Src/main.c" -mcpu=cortex-m0plus -std=gnu11 -g3 -DDEBUG -DUSE_NUCLEO_64 -DUSE_HAL_DRIVER -DSTM32C092xx -c -I../Core/Inc -I../Drivers/STM32C0xx_HAL_Driver/Inc -I../Drivers/STM32C0xx_HAL_Driver/Inc/Legacy -I../Drivers/BSP/STM32C0xx_Nucleo -I../Drivers/CMSIS/Device/ST/STM32C0xx/Include -I../Drivers/CMSIS/Include -O0 -ffunction-sections -fdata-sections -Wall -fstack-usage -fcyclomatic-complexity -MMD -MP -MF"Core/Src/main.d" -MT"Core/Src/main.o" --specs=nano.specs -mfloat-abi=soft -mthumb -o "Core/Src/main.o"
arm-none-eabi-gcc -o "HW11.elf" @"objects.list"   -mcpu=cortex-m0plus -T"C:\Users\Acqua\Desktop\ME433\HW11\STM32C092RCTX_FLASH.ld" --specs=nosys.specs -Wl,-Map="HW11.map" -Wl,--gc-sections -static --specs=nano.specs -mfloat-abi=soft -mthumb -Wl,--start-group -lc -lm -Wl,--end-group
Finished building target: HW11.elf
 
arm-none-eabi-size  HW11.elf 
arm-none-eabi-objdump -h -S HW11.elf  > "HW11.list"
   text	   data	    bss	    dec	    hex	filename
  10356	     36	   1892	  12284	   2ffc	HW11.elf
Finished building: default.size.stdout
 
Finished building: HW11.list
 
13:05:48 **** Incremental Build of configuration Debug for project HW11 ****
make -j16 all 
arm-none-eabi-size  HW11.elf 
   text	   data	    bss	    dec	    hex	filename
  10356	     36	   1892	  12284	   2ffc	HW11.elf
Finished building: default.size.stdout
 
13:06:34 **** Incremental Build of configuration Debug for project HW11 ****
make -j16 all 
arm-none-eabi-gcc "../Core/Src/main.c" -mcpu=cortex-m0plus -std=gnu11 -g3 -DDEBUG -DUSE_NUCLEO_64 -DUSE_HAL_DRIVER -DSTM32C092xx -c -I../Core/Inc -I../Drivers/STM32C0xx_HAL_Driver/Inc -I../Drivers/STM32C0xx_HAL_Driver/Inc/Legacy -I../Drivers/BSP/STM32C0xx_Nucleo -I../Drivers/CMSIS/Device/ST/STM32C0xx/Include -I../Drivers/CMSIS/Include -O0 -ffunction-sections -fdata-sections -Wall -fstack-usage -fcyclomatic-complexity -MMD -MP -MF"Core/Src/main.d" -MT"Core/Src/main.o" --specs=nano.specs -mfloat-abi=soft -mthumb -o "Core/Src/main.o"
arm-none-eabi-gcc -o "HW11.elf" @"objects.list"   -mcpu=cortex-m0plus -T"C:\Users\Acqua\Desktop\ME433\HW11\STM32C092RCTX_FLASH.ld" --specs=nosys.specs -Wl,-Map="HW11.map" -Wl,--gc-sections -static --specs=nano.specs -mfloat-abi=soft -mthumb -Wl,--start-group -lc -lm -Wl,--end-group
Finished building target: HW11.elf
 
arm-none-eabi-size  HW11.elf 
arm-none-eabi-objdump -h -S HW11.elf  > "HW11.list"
   text	   data	    bss	    dec	    hex	filename
  10364	     36	   1892	  12292	   3004	HW11.elf
Finished building: default.size.stdout
 
Finished building: HW11.list
 
13:07:47 **** Incremental Build of configuration Debug for project HW11 ****
make -j16 all 
arm-none-eabi-gcc "../Core/Src/main.c" -mcpu=cortex-m0plus -std=gnu11 -g3 -DDEBUG -DUSE_NUCLEO_64 -DUSE_HAL_DRIVER -DSTM32C092xx -c -I../Core/Inc -I../Drivers/STM32C0xx_HAL_Driver/Inc -I../Drivers/STM32C0xx_HAL_Driver/Inc/Legacy -I../Drivers/BSP/STM32C0xx_Nucleo -I../Drivers/CMSIS/Device/ST/STM32C0xx/Include -I../Drivers/CMSIS/Include -O0 -ffunction-sections -fdata-sections -Wall -fstack-usage -fcyclomatic-complexity -MMD -MP -MF"Core/Src/main.d" -MT"Core/Src/main.o" --specs=nano.specs -mfloat-abi=soft -mthumb -o "Core/Src/main.o"
arm-none-eabi-gcc -o "HW11.elf" @"objects.list"   -mcpu=cortex-m0plus -T"C:\Users\Acqua\Desktop\ME433\HW11\STM32C092RCTX_FLASH.ld" --specs=nosys.specs -Wl,-Map="HW11.map" -Wl,--gc-sections -static --specs=nano.specs -mfloat-abi=soft -mthumb -Wl,--start-group -lc -lm -Wl,--end-group
Finished building target: HW11.elf
 
arm-none-eabi-size  HW11.elf 
arm-none-eabi-objdump -h -S HW11.elf  > "HW11.list"
   text	   data	    bss	    dec	    hex	filename
  10356	     36	   1892	  12284	   2ffc	HW11.elf
Finished building: default.size.stdout
 
Finished building: HW11.list
 
13:09:09 **** Incremental Build of configuration Debug for project HW11 ****
make -j16 all 
arm-none-eabi-gcc "../Core/Src/main.c" -mcpu=cortex-m0plus -std=gnu11 -g3 -DDEBUG -DUSE_NUCLEO_64 -DUSE_HAL_DRIVER -DSTM32C092xx -c -I../Core/Inc -I../Drivers/STM32C0xx_HAL_Driver/Inc -I../Drivers/STM32C0xx_HAL_Driver/Inc/Legacy -I../Drivers/BSP/STM32C0xx_Nucleo -I../Drivers/CMSIS/Device/ST/STM32C0xx/Include -I../Drivers/CMSIS/Include -O0 -ffunction-sections -fdata-sections -Wall -fstack-usage -fcyclomatic-complexity -MMD -MP -MF"Core/Src/main.d" -MT"Core/Src/main.o" --specs=nano.specs -mfloat-abi=soft -mthumb -o "Core/Src/main.o"
../Core/Src/main.c: In function 'main':
../Core/Src/main.c:119:11: warning: unused variable 'ch' [-Wunused-variable]
  119 |   uint8_t ch;
      |           ^~
arm-none-eabi-gcc -o "HW11.elf" @"objects.list"   -mcpu=cortex-m0plus -T"C:\Users\Acqua\Desktop\ME433\HW11\STM32C092RCTX_FLASH.ld" --specs=nosys.specs -Wl,-Map="HW11.map" -Wl,--gc-sections -static --specs=nano.specs -mfloat-abi=soft -mthumb -Wl,--start-group -lc -lm -Wl,--end-group
Finished building target: HW11.elf
 
arm-none-eabi-size  HW11.elf 
arm-none-eabi-objdump -h -S HW11.elf  > "HW11.list"
   text	   data	    bss	    dec	    hex	filename
  10368	     36	   1892	  12296	   3008	HW11.elf
Finished building: default.size.stdout
 
Finished building: HW11.list
 
13:09:29 **** Incremental Build of configuration Debug for project HW11 ****
make -j16 all 
arm-none-eabi-gcc "../Core/Src/main.c" -mcpu=cortex-m0plus -std=gnu11 -g3 -DDEBUG -DUSE_NUCLEO_64 -DUSE_HAL_DRIVER -DSTM32C092xx -c -I../Core/Inc -I../Drivers/STM32C0xx_HAL_Driver/Inc -I../Drivers/STM32C0xx_HAL_Driver/Inc/Legacy -I../Drivers/BSP/STM32C0xx_Nucleo -I../Drivers/CMSIS/Device/ST/STM32C0xx/Include -I../Drivers/CMSIS/Include -O0 -ffunction-sections -fdata-sections -Wall -fstack-usage -fcyclomatic-complexity -MMD -MP -MF"Core/Src/main.d" -MT"Core/Src/main.o" --specs=nano.specs -mfloat-abi=soft -mthumb -o "Core/Src/main.o"
arm-none-eabi-gcc -o "HW11.elf" @"objects.list"   -mcpu=cortex-m0plus -T"C:\Users\Acqua\Desktop\ME433\HW11\STM32C092RCTX_FLASH.ld" --specs=nosys.specs -Wl,-Map="HW11.map" -Wl,--gc-sections -static --specs=nano.specs -mfloat-abi=soft -mthumb -Wl,--start-group -lc -lm -Wl,--end-group
Finished building target: HW11.elf
 
arm-none-eabi-size  HW11.elf 
arm-none-eabi-objdump -h -S HW11.elf  > "HW11.list"
   text	   data	    bss	    dec	    hex	filename
  10368	     36	   1892	  12296	   3008	HW11.elf
Finished building: default.size.stdout
 
Finished building: HW11.list
 
13:14:51 **** Incremental Build of configuration Debug for project HW11 ****
make -j16 all 
arm-none-eabi-gcc "../Core/Src/main.c" -mcpu=cortex-m0plus -std=gnu11 -g3 -DDEBUG -DUSE_NUCLEO_64 -DUSE_HAL_DRIVER -DSTM32C092xx -c -I../Core/Inc -I../Drivers/STM32C0xx_HAL_Driver/Inc -I../Drivers/STM32C0xx_HAL_Driver/Inc/Legacy -I../Drivers/BSP/STM32C0xx_Nucleo -I../Drivers/CMSIS/Device/ST/STM32C0xx/Include -I../Drivers/CMSIS/Include -O0 -ffunction-sections -fdata-sections -Wall -fstack-usage -fcyclomatic-complexity -MMD -MP -MF"Core/Src/main.d" -MT"Core/Src/main.o" --specs=nano.specs -mfloat-abi=soft -mthumb -o "Core/Src/main.o"
arm-none-eabi-gcc -o "HW11.elf" @"objects.list"   -mcpu=cortex-m0plus -T"C:\Users\Acqua\Desktop\ME433\HW11\STM32C092RCTX_FLASH.ld" --specs=nosys.specs -Wl,-Map="HW11.map" -Wl,--gc-sections -static --specs=nano.specs -mfloat-abi=soft -mthumb -Wl,--start-group -lc -lm -Wl,--end-group
Finished building target: HW11.elf
 
arm-none-eabi-size  HW11.elf 
arm-none-eabi-objdump -h -S HW11.elf  > "HW11.list"
   text	   data	    bss	    dec	    hex	filename
  10452	     36	   1892	  12380	   305c	HW11.elf
Finished building: default.size.stdout
 
Finished building: HW11.list
 
13:15:45 **** Incremental Build of configuration Debug for project HW11 ****
make -j16 all 
arm-none-eabi-gcc "../Core/Src/main.c" -mcpu=cortex-m0plus -std=gnu11 -g3 -DDEBUG -DUSE_NUCLEO_64 -DUSE_HAL_DRIVER -DSTM32C092xx -c -I../Core/Inc -I../Drivers/STM32C0xx_HAL_Driver/Inc -I../Drivers/STM32C0xx_HAL_Driver/Inc/Legacy -I../Drivers/BSP/STM32C0xx_Nucleo -I../Drivers/CMSIS/Device/ST/STM32C0xx/Include -I../Drivers/CMSIS/Include -O0 -ffunction-sections -fdata-sections -Wall -fstack-usage -fcyclomatic-complexity -MMD -MP -MF"Core/Src/main.d" -MT"Core/Src/main.o" --specs=nano.specs -mfloat-abi=soft -mthumb -o "Core/Src/main.o"
arm-none-eabi-gcc -o "HW11.elf" @"objects.list"   -mcpu=cortex-m0plus -T"C:\Users\Acqua\Desktop\ME433\HW11\STM32C092RCTX_FLASH.ld" --specs=nosys.specs -Wl,-Map="HW11.map" -Wl,--gc-sections -static --specs=nano.specs -mfloat-abi=soft -mthumb -Wl,--start-group -lc -lm -Wl,--end-group
Finished building target: HW11.elf
 
arm-none-eabi-size  HW11.elf 
arm-none-eabi-objdump -h -S HW11.elf  > "HW11.list"
   text	   data	    bss	    dec	    hex	filename
  10452	     36	   1892	  12380	   305c	HW11.elf
Finished building: default.size.stdout
 
Finished building: HW11.list
 
13:17:46 **** Incremental Build of configuration Debug for project HW11 ****
make -j16 all 
arm-none-eabi-size  HW11.elf 
   text	   data	    bss	    dec	    hex	filename
  10452	     36	   1892	  12380	   305c	HW11.elf
Finished building: default.size.stdout
 
